// Jest Snapshot v1, https://goo.gl/fbAQLP

exports[`NotFound renders correctly 1`] = `
<main
  className="sc-bdvvaa cUWPjj"
>
  <h1
    className="sc-gsDJrp bwrBb"
  >
    Page Not Found
  </h1>
  <div
    className="sc-dkPtyc jjGhSR"
  >
    Looks like I haven't written this post yet.
  </div>
  <div
    className="sc-dkPtyc jjGhSR"
  >
    In the meantime, here's a picture of two puppies. You are welcome.
  </div>
  <img
    alt="Picture of one cute labrador puppy hugging another puppy"
    className="sc-hKwCoD kxblSD"
    src="test-file-stub"
  />
  <nav
    className="sc-eCImvq jKYZLV"
  >
    <a
      href="/"
    >
      Go back to the homepage
    </a>
  </nav>
</main>
`;
