// Jest Snapshot v1, https://goo.gl/fbAQLP

exports[`Footer renders correctly 1`] = `
<footer
  aria-label="Social media links"
  className="sc-bdvvaa dpGNEF"
>
  <ul
    className="sc-gsDJrp YdNwt"
  >
    <li
      className="sc-dkPtyc gAblvE"
    >
      <a
        className="sc-hKwCoD iKfAMc"
        href="https://twitter.com/fknussel"
        rel="noopener noreferrer"
        target="_blank"
      >
        <img
          alt="Twitter"
          className="sc-eCImvq kiUxIk"
          src="test-file-stub"
        />
      </a>
    </li>
    <li
      className="sc-dkPtyc gAblvE"
    >
      <a
        className="sc-hKwCoD iKfAMc"
        href="https://github.com/fed"
        rel="noopener noreferrer"
        target="_blank"
      >
        <img
          alt="GitHub"
          className="sc-eCImvq kiUxIk"
          src="test-file-stub"
        />
      </a>
    </li>
    <li
      className="sc-dkPtyc gAblvE"
    >
      <a
        className="sc-hKwCoD iKfAMc"
        href="https://medium.com/@fknussel"
        rel="noopener noreferrer"
        target="_blank"
      >
        <img
          alt="Medium"
          className="sc-eCImvq kiUxIk"
          src="test-file-stub"
        />
      </a>
    </li>
    <li
      className="sc-dkPtyc gAblvE"
    >
      <a
        className="sc-hKwCoD iKfAMc"
        href="https://codepen.io/fede"
        rel="noopener noreferrer"
        target="_blank"
      >
        <img
          alt="CodePen"
          className="sc-eCImvq kiUxIk"
          src="test-file-stub"
        />
      </a>
    </li>
    <li
      className="sc-dkPtyc gAblvE"
    >
      <a
        className="sc-hKwCoD iKfAMc"
        href="https://linkedin.com/in/fknussel"
        rel="noopener noreferrer"
        target="_blank"
      >
        <img
          alt="LinkedIn"
          className="sc-eCImvq kiUxIk"
          src="test-file-stub"
        />
      </a>
    </li>
  </ul>
</footer>
`;
