// Jest Snapshot v1, https://goo.gl/fbAQLP

exports[`PostMetadata renders correctly 1`] = `
<ul
  className="sc-bdvvaa egwCKV"
>
  <li
    className="sc-gsDJrp kIyLNX"
  >
    <img
      alt="Date published"
      className="sc-dkPtyc cirgGZ"
      src="test-file-stub"
      title="Date published"
    />
    <time
      pubdate="pubdate"
    >
      April 21, 2021
    </time>
  </li>
  <li
    className="sc-gsDJrp kIyLNX"
  >
    <img
      alt="Category"
      className="sc-dkPtyc cirgGZ"
      src="test-file-stub"
      title="Category"
    />
    General
  </li>
  <li
    className="sc-gsDJrp kIyLNX"
  >
    <img
      alt="Time to read"
      className="sc-dkPtyc cirgGZ"
      src="test-file-stub"
      title="Time to read"
    />
    2
     min. read
  </li>
</ul>
`;
