// Jest Snapshot v1, https://goo.gl/fbAQLP

exports[`Post renders correctly 1`] = `
<article>
  <header
    className="sc-hKwCoD hYmsuj"
  >
    <h1
      className="sc-eCImvq kavgNB"
    >
      
    </h1>
    <div
      className="sc-jRQAMF kBxSTL"
    >
      <ul
        className="sc-bdvvaa egwCKV"
      >
        <li
          className="sc-gsDJrp kIyLNX"
        >
          <img
            alt="Date published"
            className="sc-dkPtyc cirgGZ"
            src="test-file-stub"
            title="Date published"
          />
          <time
            pubdate="pubdate"
          >
            October 19, 2019
          </time>
        </li>
        <li
          className="sc-gsDJrp kIyLNX"
        >
          <img
            alt="Category"
            className="sc-dkPtyc cirgGZ"
            src="test-file-stub"
            title="Category"
          />
          General
        </li>
        <li
          className="sc-gsDJrp kIyLNX"
        >
          <img
            alt="Time to read"
            className="sc-dkPtyc cirgGZ"
            src="test-file-stub"
            title="Time to read"
          />
          2
           min. read
        </li>
      </ul>
    </div>
  </header>
  <div
    className="sc-gKckTs hhaZVw"
    dangerouslySetInnerHTML={
      Object {
        "__html": "This is a blog post",
      }
    }
  />
</article>
`;
